$ mkdir bare
 
$ mkdir wcopy
 
$ cd bare

$ git init --bare .git
Initialized empty Git repository in **********/bare/.git/

$ git clone . ../wcopy
Cloning into '../wcopy'...
warning: You appear to have cloned an empty repository.
done.

ยง cd ..

$ cd ./wcopy

$ touch calc_mean.cpp

! writing the code for user input and printing the value 

$ git add .

$ git commit -m "User input, print"
[master (root-commit) 39906db] User input, print
 1 file changed, 16 insertions(+)
 create mode 100644 calc_mean.cpp

! writing the code for arithmetic mean

$ git status
On branch master
Your branch is based on 'origin/master', but the upstream is gone.
  (use "git branch --unset-upstream" to fixup)

Changes not staged for commit:
  (use "git add <file>..." to update what will be committed)
  (use "git restore <file>..." to discard changes in working directory)
        modified:   calc_mean.cpp
		
$ git add .

$ git commit -m " arithmetic mean"
[master 57ed234]  arithmetic mean
 1 file changed, 5 insertions(+)
 
! writing the code for geometric mean

$ git add .

$ git commit -m " geometric mean"

! writing the code for loop

$ git add .

$ git commit -m "for loop added"
[master dadc6ae] for loop added
 1 file changed, 18 insertions(+), 9 deletions(-)

$ git push origin master
Enumerating objects: 12, done.
Counting objects: 100% (12/12), done.
Delta compression using up to 12 threads
Compressing objects: 100% (8/8), done.
Writing objects: 100% (12/12), 1.25 KiB | 426.00 KiB/s, done.
Total 12 (delta 3), reused 0 (delta 0), pack-reused 0
To E:/CSiS_Sem2/Tools/HW3/Ex9/bare/.
 * [new branch]      master -> master
